 ex002_sfun

 Timestamp is 58fe0cee (Mon Apr 24 22:34:22 2017)

 Preferred load address is 0000000180000000

 Start         Length     Name                   Class
 0001:00000000 000101c4H .text                   CODE
 0001:000101d0 00000092H .text$x                 CODE
 0002:00000000 00000408H .idata$5                DATA
 0002:00000408 00000008H .CRT$XCA                DATA
 0002:00000410 00000008H .CRT$XCZ                DATA
 0002:00000418 00000008H .CRT$XIA                DATA
 0002:00000420 00000008H .CRT$XIAA               DATA
 0002:00000428 00000008H .CRT$XIZ                DATA
 0002:00000430 000006fcH .rdata                  DATA
 0002:00000b30 00000008H .rtc$IAA                DATA
 0002:00000b38 00000008H .rtc$IZZ                DATA
 0002:00000b40 00000008H .rtc$TAA                DATA
 0002:00000b48 00000008H .rtc$TZZ                DATA
 0002:00000b50 00000840H .xdata                  DATA
 0002:00001390 00000078H .idata$2                DATA
 0002:00001408 00000014H .idata$3                DATA
 0002:00001420 00000408H .idata$4                DATA
 0002:00001828 00000af8H .idata$6                DATA
 0002:00002320 00000050H .edata                  DATA
 0003:00000000 00002038H .data                   DATA
 0003:00002040 000006a8H .bss                    DATA
 0004:00000000 00000a74H .pdata                  DATA

  Address         Publics by Value              Rva+Base               Lib:Object

 0000:00000000       ___safe_se_handler_table   0000000000000000     <absolute>
 0000:00000000       ___safe_se_handler_count   0000000000000000     <absolute>
 0000:00000000       __ImageBase                0000000180000000     <linker-defined>
 0001:00000000       ex002_initializer          0000000180001000 f   ex002_sfun.obj
 0001:00000010       ex002_terminator           0000000180001010 f   ex002_sfun.obj
 0001:00000020       sf_ex002_method_dispatcher 0000000180001020 f   ex002_sfun.obj
 0001:000000b0       sf_ex002_process_check_sum_call 00000001800010b0 f   ex002_sfun.obj
 0001:000004f0       sf_ex002_autoinheritance_info 00000001800014f0 f   ex002_sfun.obj
 0001:00000700       sf_ex002_get_eml_resolved_functions_info 0000000180001700 f   ex002_sfun.obj
 0001:000008b0       sf_ex002_third_party_uses_info 00000001800018b0 f   ex002_sfun.obj
 0001:00000a60       sf_ex002_updateBuildInfo_args_info 0000000180001a60 f   ex002_sfun.obj
 0001:00000c10       ex002_debug_initialize     0000000180001c10 f   ex002_sfun.obj
 0001:00000c90       ex002_register_exported_symbols 0000000180001c90 f   ex002_sfun.obj
 0001:00000ca0       load_ex002_optimization_info 0000000180001ca0 f   ex002_sfun.obj
 0001:00000cf0       unload_ex002_optimization_info 0000000180001cf0 f   ex002_sfun.obj
 0001:00000d20       sf_c1_ex002_get_eml_resolved_functions_info 0000000180001d20 f   c1_ex002.obj
 0001:00000da0       sf_c1_ex002_get_check_sum  0000000180001da0 f   c1_ex002.obj
 0001:00000e20       sf_c1_ex002_get_autoinheritance_info 0000000180001e20 f   c1_ex002.obj
 0001:00001240       sf_c1_ex002_third_party_uses_info 0000000180002240 f   c1_ex002.obj
 0001:00001270       sf_c1_ex002_updateBuildInfo_args_info 0000000180002270 f   c1_ex002.obj
 0001:000012a0       sf_internal_get_sim_state_c1_ex002 00000001800022a0 f   c1_ex002.obj
 0001:00001610       sf_internal_set_sim_state_c1_ex002 0000000180002610 f   c1_ex002.obj
 0001:00001a00       c1_ex002_method_dispatcher 0000000180002a00 f   c1_ex002.obj
 0001:00003380       sf_c2_ex002_get_eml_resolved_functions_info 0000000180004380 f   c2_ex002.obj
 0001:00003400       sf_c2_ex002_get_check_sum  0000000180004400 f   c2_ex002.obj
 0001:00003480       sf_c2_ex002_get_autoinheritance_info 0000000180004480 f   c2_ex002.obj
 0001:000039f0       sf_c2_ex002_third_party_uses_info 00000001800049f0 f   c2_ex002.obj
 0001:00003a20       sf_c2_ex002_updateBuildInfo_args_info 0000000180004a20 f   c2_ex002.obj
 0001:00003a50       sf_internal_get_sim_state_c2_ex002 0000000180004a50 f   c2_ex002.obj
 0001:00003db0       sf_internal_set_sim_state_c2_ex002 0000000180004db0 f   c2_ex002.obj
 0001:000041a0       c2_ex002_method_dispatcher 00000001800051a0 f   c2_ex002.obj
 0001:000060b0       sf_c3_ex002_get_eml_resolved_functions_info 00000001800070b0 f   c3_ex002.obj
 0001:00006130       sf_c3_ex002_get_check_sum  0000000180007130 f   c3_ex002.obj
 0001:000061b0       sf_c3_ex002_get_autoinheritance_info 00000001800071b0 f   c3_ex002.obj
 0001:00006860       sf_c3_ex002_third_party_uses_info 0000000180007860 f   c3_ex002.obj
 0001:00006890       sf_c3_ex002_updateBuildInfo_args_info 0000000180007890 f   c3_ex002.obj
 0001:000068c0       sf_internal_get_sim_state_c3_ex002 00000001800078c0 f   c3_ex002.obj
 0001:00006c30       sf_internal_set_sim_state_c3_ex002 0000000180007c30 f   c3_ex002.obj
 0001:00007020       c3_ex002_method_dispatcher 0000000180008020 f   c3_ex002.obj
 0001:000090d0       sf_process_check_sum_call  000000018000a0d0 f   ex002_sfun_registry.obj
 0001:00009120       sf_process_autoinheritance_call 000000018000a120 f   ex002_sfun_registry.obj
 0001:000092c0       sf_process_get_third_party_uses_info_call 000000018000a2c0 f   ex002_sfun_registry.obj
 0001:00009460       sf_process_get_updateBuildInfo_args_info_call 000000018000a460 f   ex002_sfun_registry.obj
 0001:00009600       sf_process_get_eml_resolved_functions_info_call 000000018000a600 f   ex002_sfun_registry.obj
 0001:00009780       sf_mex_unlock_call         000000018000a780 f   ex002_sfun_registry.obj
 0001:00009830       sf_machine_global_initializer_called 000000018000a830 f   ex002_sfun_registry.obj
 0001:00009860       sf_machine_global_method_dispatcher 000000018000a860 f   ex002_sfun_registry.obj
 0001:000098c0       sf_machine_global_terminator 000000018000a8c0 f   ex002_sfun_registry.obj
 0001:00009910       sf_register_machine_exported_symbols 000000018000a910 f   ex002_sfun_registry.obj
 0001:00009930       callCustomFcn              000000018000a930 f   ex002_sfun_registry.obj
 0001:00009940       sf_machine_global_initializer 000000018000a940 f   ex002_sfun_registry.obj
 0001:000099c0       mdlGetSimState             000000018000a9c0 f   ex002_sfun_registry.obj
 0001:00009a40       mdlSetSimState             000000018000aa40 f   ex002_sfun_registry.obj
 0001:00009a80       _ssSetStateAbsTol          000000018000aa80 f   ex002_sfun_registry.obj
 0001:00009b60       _ssGetAbsTol               000000018000ab60 f   ex002_sfun_registry.obj
 0001:00009bd0       _ssSetInputPortMatrixDimensions 000000018000abd0 f   ex002_sfun_registry.obj
 0001:00009ce0       _ssSetOutputPortMatrixDimensions 000000018000ace0 f   ex002_sfun_registry.obj
 0001:00009df0       _ssSetInputPortVectorDimension 000000018000adf0 f   ex002_sfun_registry.obj
 0001:00009ec0       _ssSetOutputPortVectorDimension 000000018000aec0 f   ex002_sfun_registry.obj
 0001:00009f90       ssIsRunTimeParamTunable    000000018000af90 f   ex002_sfun_registry.obj
 0001:0000a000       ssGetSFuncBlockHandle      000000018000b000 f   ex002_sfun_registry.obj
 0001:0000a070       _ssGetCurrentInputPortWidth 000000018000b070 f   ex002_sfun_registry.obj
 0001:0000a190       _ssGetCurrentOutputPortWidth 000000018000b190 f   ex002_sfun_registry.obj
 0001:0000a2b0       _ssGetCallSystemNumFcnCallDestinations 000000018000b2b0 f   ex002_sfun_registry.obj
 0001:0000a320       ssWarning                  000000018000b320 f   ex002_sfun_registry.obj
 0001:0000a430       ssGetIsZeroCrossControlDisabled 000000018000b430 f   ex002_sfun_registry.obj
 0001:0000a4a0       ssSetIsInputPortUsedForContZcSignal 000000018000b4a0 f   ex002_sfun_registry.obj
 0001:0000a510       ssSetZcSignalIsZcElementDisc 000000018000b510 f   ex002_sfun_registry.obj
 0001:0000a5c0       ssSetZcSignalName          000000018000b5c0 f   ex002_sfun_registry.obj
 0001:0000a630       ssSetZcSignalWidth         000000018000b630 f   ex002_sfun_registry.obj
 0001:0000a6a0       ssSetZcSignalZcEventType   000000018000b6a0 f   ex002_sfun_registry.obj
 0001:0000a710       ssSetZcSignalType          000000018000b710 f   ex002_sfun_registry.obj
 0001:0000a780       ssSetZcSignalZcTol         000000018000b780 f   ex002_sfun_registry.obj
 0001:0000a7f0       ssSetZcSignalNeedsEventNotification 000000018000b7f0 f   ex002_sfun_registry.obj
 0001:0000a860       ssCreateAndAddZcSignalInfo 000000018000b860 f   ex002_sfun_registry.obj
 0001:0000a8d0       ssCloneAndAddZcSignalInfo  000000018000b8d0 f   ex002_sfun_registry.obj
 0001:0000a940       ssGetNumZcSignals          000000018000b940 f   ex002_sfun_registry.obj
 0001:0000a9b0       ssGetZcSignalVector        000000018000b9b0 f   ex002_sfun_registry.obj
 0001:0000aa20       ssGetZcSignalZcEvents      000000018000ba20 f   ex002_sfun_registry.obj
 0001:0000aa90       ssGetZcSignalName          000000018000ba90 f   ex002_sfun_registry.obj
 0001:0000ab00       ssGetZcSignalWidth         000000018000bb00 f   ex002_sfun_registry.obj
 0001:0000ab70       ssGetZcSignalZcEventType   000000018000bb70 f   ex002_sfun_registry.obj
 0001:0000abe0       ssGetZcSignalType          000000018000bbe0 f   ex002_sfun_registry.obj
 0001:0000ac50       ssGetZcSignalZcTol         000000018000bc50 f   ex002_sfun_registry.obj
 0001:0000acd0       ssGetZcSignalNeedsEventNotification 000000018000bcd0 f   ex002_sfun_registry.obj
 0001:0000ad40       ssGetZcSignalIsZcElementDisc 000000018000bd40 f   ex002_sfun_registry.obj
 0001:0000ade0       ssGetIsInputPortElementContinuous 000000018000bde0 f   ex002_sfun_registry.obj
 0001:0000ae80       _ssGetInputPortSignalPtrsFcn 000000018000be80 f   ex002_sfun_registry.obj
 0001:0000b140       _ssGetInputPortSignalFcn   000000018000c140 f   ex002_sfun_registry.obj
 0001:0000b360       _ssSetInputPortDirectFeedThroughFcn 000000018000c360 f   ex002_sfun_registry.obj
 0001:0000b4c0       _ssSetInputPortReusableFcn 000000018000c4c0 f   ex002_sfun_registry.obj
 0001:0000b5b0       _ssSetOutputPortReusableFcn 000000018000c5b0 f   ex002_sfun_registry.obj
 0001:0000b690       ssGetDTypeIdFromMxArray    000000018000c690 f   ex002_sfun_registry.obj
 0001:0000b7b0       ssWriteRTWStr              000000018000c7b0 f   ex002_sfun_registry.obj
 0001:0000b810       ssWriteRTWMxVectParam      000000018000c810 f   ex002_sfun_registry.obj
 0001:0000b870       ssWriteRTWMx2dMatParam     000000018000c870 f   ex002_sfun_registry.obj
 0001:0000b8f0       ssWriteRTWNameValuePair    000000018000c8f0 f   ex002_sfun_registry.obj
 0001:0000bde0       ssWriteRTWParameters       000000018000cde0 f   ex002_sfun_registry.obj
 0001:0000c3e0       ssWriteRTWParamSettings    000000018000d3e0 f   ex002_sfun_registry.obj
 0001:0000cab0       ssWriteRTWWorkVect         000000018000dab0 f   ex002_sfun_registry.obj
 0001:0000cfb0       mexFunction                000000018000dfb0 f   ex002_sfun_registry.obj
 0001:0000f430       ProcessMexSfunctionEveryCall 0000000180010430 f   ex002_sfun_registry.obj
 0001:0000f5b2       sf_debug_set_machine_data_thresholds 00000001800105b2 f   sf_runtime:sf_runtime.dll
 0001:0000f5b8       sf_debug_set_machine_event_thresholds 00000001800105b8 f   sf_runtime:sf_runtime.dll
 0001:0000f5be       sf_debug_initialize_machine 00000001800105be f   sf_runtime:sf_runtime.dll
 0001:0000f5c4       sf_load_rtw_optimization_info 00000001800105c4 f   sf_runtime:sf_runtime.dll
 0001:0000f5ca       sf_mex_assign              00000001800105ca f   sf_runtime:sf_runtime.dll
 0001:0000f5d0       sf_mex_create              00000001800105d0 f   sf_runtime:sf_runtime.dll
 0001:0000f5d6       sf_mex_error_message       00000001800105d6 f   sf_runtime:sf_runtime.dll
 0001:0000f5dc       sf_mex_call_matlab         00000001800105dc f   sf_runtime:sf_runtime.dll
 0001:0000f5e2       sf_mex_setcell             00000001800105e2 f   sf_runtime:sf_runtime.dll
 0001:0000f5e8       sf_mex_createcellmatrix    00000001800105e8 f   sf_runtime:sf_runtime.dll
 0001:0000f5ee       sf_mex_decode_encoded_mx_struct_array 00000001800105ee f   sf_runtime:sf_runtime.dll
 0001:0000f5f4       sf_mex_destroy             00000001800105f4 f   sf_runtime:sf_runtime.dll
 0001:0000f5fa       sf_mex_getcell             00000001800105fa f   sf_runtime:sf_runtime.dll
 0001:0000f600       sf_mex_dup                 0000000180010600 f   sf_runtime:sf_runtime.dll
 0001:0000f606       sf_mex_import              0000000180010606 f   sf_runtime:sf_runtime.dll
 0001:0000f60c       sf_set_rtw_dwork_info      000000018001060c f   sf_runtime:sf_runtime.dll
 0001:0000f612       sf_mark_chart_reusable_outputs 0000000180010612 f   sf_runtime:sf_runtime.dll
 0001:0000f618       sf_mark_chart_expressionable_inputs 0000000180010618 f   sf_runtime:sf_runtime.dll
 0001:0000f61e       sf_update_buildInfo        000000018001061e f   sf_runtime:sf_runtime.dll
 0001:0000f624       sf_rtw_info_uint_prop      0000000180010624 f   sf_runtime:sf_runtime.dll
 0001:0000f62a       sf_is_chart_inlinable      000000018001062a f   sf_runtime:sf_runtime.dll
 0001:0000f630       sim_mode_is_external       0000000180010630 f   sf_runtime:sf_runtime.dll
 0001:0000f636       sim_mode_is_rtw_gen        0000000180010636 f   sf_runtime:sf_runtime.dll
 0001:0000f63c       sf_debug_reset_current_state_configuration 000000018001063c f   sf_runtime:sf_runtime.dll
 0001:0000f642       sf_debug_set_instance_data_value_ptr 0000000180010642 f   sf_runtime:sf_runtime.dll
 0001:0000f648       sf_debug_set_chart_data_compiled_props 0000000180010648 f   sf_runtime:sf_runtime.dll
 0001:0000f64e       cv_eml_init_fcn            000000018001064e f   sf_runtime:sf_runtime.dll
 0001:0000f654       cv_eml_init_script         0000000180010654 f   sf_runtime:sf_runtime.dll
 0001:0000f65a       sf_debug_cv_init_trans     000000018001065a f   sf_runtime:sf_runtime.dll
 0001:0000f660       sf_debug_cv_init_state     0000000180010660 f   sf_runtime:sf_runtime.dll
 0001:0000f666       sf_debug_cv_init_chart     0000000180010666 f   sf_runtime:sf_runtime.dll
 0001:0000f66c       sf_debug_set_chart_decomposition 000000018001066c f   sf_runtime:sf_runtime.dll
 0001:0000f672       sf_debug_set_chart_substate_count 0000000180010672 f   sf_runtime:sf_runtime.dll
 0001:0000f678       sf_debug_set_chart_state_info 0000000180010678 f   sf_runtime:sf_runtime.dll
 0001:0000f67e       sf_debug_set_chart_data_props 000000018001067e f   sf_runtime:sf_runtime.dll
 0001:0000f684       sf_debug_set_chart_event_thresholds 0000000180010684 f   sf_runtime:sf_runtime.dll
 0001:0000f68a       sf_debug_set_chart_disable_implicit_casting 000000018001068a f   sf_runtime:sf_runtime.dll
 0001:0000f690       sf_debug_initialize_chart  0000000180010690 f   sf_runtime:sf_runtime.dll
 0001:0000f696       sf_get_time                0000000180010696 f   sf_runtime:sf_runtime.dll
 0001:0000f69c       sf_debug_check_for_state_inconsistency 000000018001069c f   sf_runtime:sf_runtime.dll
 0001:0000f6a2       sf_debug_symbol_scope_pop  00000001800106a2 f   sf_runtime:sf_runtime.dll
 0001:0000f6a8       eml_debug_line_call        00000001800106a8 f   sf_runtime:sf_runtime.dll
 0001:0000f6ae       cv_eml_eval                00000001800106ae f   sf_runtime:sf_runtime.dll
 0001:0000f6b4       sf_debug_symbol_scope_add_eml 00000001800106b4 f   sf_runtime:sf_runtime.dll
 0001:0000f6ba       sf_debug_symbol_scope_add_eml_importable 00000001800106ba f   sf_runtime:sf_runtime.dll
 0001:0000f6c0       sf_debug_symbol_scope_push_eml 00000001800106c0 f   sf_runtime:sf_runtime.dll
 0001:0000f6c6       sf_debug_data_range_wrapper 00000001800106c6 f   sf_runtime:sf_runtime.dll
 0001:0000f6cc       sf_debug_call              00000001800106cc f   sf_runtime:sf_runtime.dll
 0001:0000f6d2       sf_debug_symbol_scope_push 00000001800106d2 f   sf_runtime:sf_runtime.dll
 0001:0000f6d8       sf_clear_rtw_identifier    00000001800106d8 f   sf_runtime:sf_runtime.dll
 0001:0000f6de       cv_eml_init_if             00000001800106de f   sf_runtime:sf_runtime.dll
 0001:0000f6e4       sf_debug_terminate         00000001800106e4 f   sf_runtime:sf_runtime.dll
 0001:0000f6ea       sf_debug_create_debug_instance_struct 00000001800106ea f   sf_runtime:sf_runtime.dll
 0001:0000f6f0       sf_debug_api               00000001800106f0 f   sf_runtime:sf_runtime.dll
 0001:0000f6f6       callMdlMethodAndReportError 00000001800106f6 f   sf_runtime:sf_runtime.dll
 0001:0000f6fc       call_sf_machine_global_method_dispatcher 00000001800106fc f   sf_runtime:sf_runtime.dll
 0001:0000f702       sf_clear_error_manager_info 0000000180010702 f   sf_runtime:sf_runtime.dll
 0001:0000f708       sf_mex_error_direct_call   0000000180010708 f   sf_runtime:sf_runtime.dll
 0001:0000f70e       mxGetScalar                000000018001070e f   libmx:libmx.dll
 0001:0000f714       mxGetPr                    0000000180010714 f   libmx:libmx.dll
 0001:0000f71a       mxCreateDoubleMatrix_730   000000018001071a f   libmx:libmx.dll
 0001:0000f720       mxGetString_730            0000000180010720 f   libmx:libmx.dll
 0001:0000f726       mxIsChar                   0000000180010726 f   libmx:libmx.dll
 0001:0000f72c       mxDestroyArray             000000018001072c f   libmx:libmx.dll
 0001:0000f732       mxDuplicateArray           0000000180010732 f   libmx:libmx.dll
 0001:0000f738       mxCreateDoubleScalar       0000000180010738 f   libmx:libmx.dll
 0001:0000f73e       mxSetField_730             000000018001073e f   libmx:libmx.dll
 0001:0000f744       mxCreateString             0000000180010744 f   libmx:libmx.dll
 0001:0000f74a       mxCreateStructMatrix_730   000000018001074a f   libmx:libmx.dll
 0001:0000f750       mxCreateCellMatrix_730     0000000180010750 f   libmx:libmx.dll
 0001:0000f756       mxGetClassID               0000000180010756 f   libmx:libmx.dll
 0001:0000f75c       mxIsNumeric                000000018001075c f   libmx:libmx.dll
 0001:0000f762       mxIsComplex                0000000180010762 f   libmx:libmx.dll
 0001:0000f768       mxGetN                     0000000180010768 f   libmx:libmx.dll
 0001:0000f76e       mxGetM                     000000018001076e f   libmx:libmx.dll
 0001:0000f774       mxCalloc                   0000000180010774 f   libmx:libmx.dll
 0001:0000f77a       mexMakeArrayPersistent     000000018001077a f   libmex:libmex.dll
 0001:0000f780       mexUnlock                  0000000180010780 f   libmex:libmex.dll
 0001:0000f786       mexIsLocked                0000000180010786 f   libmex:libmex.dll
 0001:0000f78c       mexWarnMsgTxt              000000018001078c f   libmex:libmex.dll
 0001:0000f792       mexCallMATLAB              0000000180010792 f   libmex:libmex.dll
 0001:0000f798       mexErrMsgTxt               0000000180010798 f   libmex:libmex.dll
 0001:0000f79e       mexLock                    000000018001079e f   libmex:libmex.dll
 0001:0000f7a4       utMalloc                   00000001800107a4 f   libut:libut.dll
 0001:0000f7aa       utFree                     00000001800107aa f   libut:libut.dll
 0001:0000f7b0       __GSHandlerCheckCommon     00000001800107b0 f   MSVCRT:gshandler.obj
 0001:0000f814       __GSHandlerCheck           0000000180010814 f   MSVCRT:gshandler.obj
 0001:0000f832       strcmp                     0000000180010832 f   MSVCRT:MSVCR100.dll
 0001:0000f850       __security_check_cookie    0000000180010850 f   MSVCRT:amdsecgs.obj
 0001:0000f870       memset                     0000000180010870 f   MSVCRT:MSVCR100.dll
 0001:0000f876       free                       0000000180010876 f   MSVCRT:MSVCR100.dll
 0001:0000f87c       sprintf                    000000018001087c f   MSVCRT:MSVCR100.dll
 0001:0000f882       malloc                     0000000180010882 f   MSVCRT:MSVCR100.dll
 0001:0000f888       strlen                     0000000180010888 f   MSVCRT:MSVCR100.dll
 0001:0000f88e       strcat                     000000018001088e f   MSVCRT:MSVCR100.dll
 0001:0000f894       memcpy                     0000000180010894 f   MSVCRT:MSVCR100.dll
 0001:0000f89c       NtCurrentTeb               000000018001089c f i MSVCRT:crtdll.obj
 0001:0000f908       _CRT_INIT                  0000000180010908 f   MSVCRT:crtdll.obj
 0001:0000fca0       _DllMainCRTStartup         0000000180010ca0 f   MSVCRT:crtdll.obj
 0001:0000fce0       __report_gsfailure         0000000180010ce0 f   MSVCRT:gs_report.obj
 0001:0000fe2c       __clean_type_info_names    0000000180010e2c f   MSVCRT:tncleanup.obj
 0001:0000fe38       _onexit                    0000000180010e38 f   MSVCRT:atonexit.obj
 0001:0000fee8       atexit                     0000000180010ee8 f   MSVCRT:atonexit.obj
 0001:0000ff00       _RTC_Initialize            0000000180010f00 f   MSVCRT:_initsect_.obj
 0001:0000ff38       _RTC_Terminate             0000000180010f38 f   MSVCRT:_initsect_.obj
 0001:0000ff70       _malloc_crt                0000000180010f70 f   MSVCRT:MSVCR100.dll
 0001:0000ff80       _ValidateImageBase         0000000180010f80 f   MSVCRT:pesect.obj
 0001:0000ffb0       _FindPESection             0000000180010fb0 f   MSVCRT:pesect.obj
 0001:00010000       _IsNonwritableInCurrentImage 0000000180011000 f   MSVCRT:pesect.obj
 0001:00010042       _initterm                  0000000180011042 f   MSVCRT:MSVCR100.dll
 0001:00010048       _initterm_e                0000000180011048 f   MSVCRT:MSVCR100.dll
 0001:0001004e       _encoded_null              000000018001104e f   MSVCRT:MSVCR100.dll
 0001:00010054       _amsg_exit                 0000000180011054 f   MSVCRT:MSVCR100.dll
 0001:0001005a       __C_specific_handler       000000018001105a f   MSVCRT:MSVCR100.dll
 0001:00010060       __CppXcptFilter            0000000180011060 f   MSVCRT:MSVCR100.dll
 0001:00010068       DllMain                    0000000180011068 f   MSVCRT:dllmain.obj
 0001:0001008c       __security_init_cookie     000000018001108c f   MSVCRT:gs_support.obj
 0001:00010140       __crt_debugger_hook        0000000180011140 f   MSVCRT:MSVCR100.dll
 0001:00010146       __clean_type_info_names_internal 0000000180011146 f   MSVCRT:MSVCR100.dll
 0001:0001014c       _unlock                    000000018001114c f   MSVCRT:MSVCR100.dll
 0001:00010152       __dllonexit                0000000180011152 f   MSVCRT:MSVCR100.dll
 0001:00010158       _lock                      0000000180011158 f   MSVCRT:MSVCR100.dll
 0001:0001015e       EncodePointer              000000018001115e f   kernel32:KERNEL32.dll
 0001:00010164       DecodePointer              0000000180011164 f   kernel32:KERNEL32.dll
 0001:0001016a       Sleep                      000000018001116a f   kernel32:KERNEL32.dll
 0001:00010170       TerminateProcess           0000000180011170 f   kernel32:KERNEL32.dll
 0001:00010176       GetCurrentProcess          0000000180011176 f   kernel32:KERNEL32.dll
 0001:0001017c       UnhandledExceptionFilter   000000018001117c f   kernel32:KERNEL32.dll
 0001:00010182       SetUnhandledExceptionFilter 0000000180011182 f   kernel32:KERNEL32.dll
 0001:00010188       IsDebuggerPresent          0000000180011188 f   kernel32:KERNEL32.dll
 0001:0001018e       RtlVirtualUnwind           000000018001118e f   kernel32:KERNEL32.dll
 0001:00010194       RtlLookupFunctionEntry     0000000180011194 f   kernel32:KERNEL32.dll
 0001:0001019a       RtlCaptureContext          000000018001119a f   kernel32:KERNEL32.dll
 0001:000101a0       DisableThreadLibraryCalls  00000001800111a0 f   kernel32:KERNEL32.dll
 0001:000101a6       QueryPerformanceCounter    00000001800111a6 f   kernel32:KERNEL32.dll
 0001:000101ac       GetTickCount               00000001800111ac f   kernel32:KERNEL32.dll
 0001:000101b2       GetCurrentThreadId         00000001800111b2 f   kernel32:KERNEL32.dll
 0001:000101b8       GetCurrentProcessId        00000001800111b8 f   kernel32:KERNEL32.dll
 0001:000101be       GetSystemTimeAsFileTime    00000001800111be f   kernel32:KERNEL32.dll
 0002:00000000       __imp_GetSystemTimeAsFileTime 0000000180012000     kernel32:KERNEL32.dll
 0002:00000008       __imp_GetCurrentProcessId  0000000180012008     kernel32:KERNEL32.dll
 0002:00000010       __imp_GetCurrentThreadId   0000000180012010     kernel32:KERNEL32.dll
 0002:00000018       __imp_GetTickCount         0000000180012018     kernel32:KERNEL32.dll
 0002:00000020       __imp_QueryPerformanceCounter 0000000180012020     kernel32:KERNEL32.dll
 0002:00000028       __imp_DisableThreadLibraryCalls 0000000180012028     kernel32:KERNEL32.dll
 0002:00000030       __imp_RtlCaptureContext    0000000180012030     kernel32:KERNEL32.dll
 0002:00000038       __imp_RtlLookupFunctionEntry 0000000180012038     kernel32:KERNEL32.dll
 0002:00000040       __imp_RtlVirtualUnwind     0000000180012040     kernel32:KERNEL32.dll
 0002:00000048       __imp_IsDebuggerPresent    0000000180012048     kernel32:KERNEL32.dll
 0002:00000050       __imp_SetUnhandledExceptionFilter 0000000180012050     kernel32:KERNEL32.dll
 0002:00000058       __imp_UnhandledExceptionFilter 0000000180012058     kernel32:KERNEL32.dll
 0002:00000060       __imp_GetCurrentProcess    0000000180012060     kernel32:KERNEL32.dll
 0002:00000068       __imp_TerminateProcess     0000000180012068     kernel32:KERNEL32.dll
 0002:00000070       __imp_Sleep                0000000180012070     kernel32:KERNEL32.dll
 0002:00000078       __imp_DecodePointer        0000000180012078     kernel32:KERNEL32.dll
 0002:00000080       __imp_EncodePointer        0000000180012080     kernel32:KERNEL32.dll
 0002:00000088       \177KERNEL32_NULL_THUNK_DATA 0000000180012088     kernel32:KERNEL32.dll
 0002:00000090       __imp__onexit              0000000180012090     MSVCRT:MSVCR100.dll
 0002:00000098       __imp__lock                0000000180012098     MSVCRT:MSVCR100.dll
 0002:000000a0       __imp___dllonexit          00000001800120a0     MSVCRT:MSVCR100.dll
 0002:000000a8       __imp__unlock              00000001800120a8     MSVCRT:MSVCR100.dll
 0002:000000b0       __imp___clean_type_info_names_internal 00000001800120b0     MSVCRT:MSVCR100.dll
 0002:000000b8       __imp___crt_debugger_hook  00000001800120b8     MSVCRT:MSVCR100.dll
 0002:000000c0       __imp___CppXcptFilter      00000001800120c0     MSVCRT:MSVCR100.dll
 0002:000000c8       __imp___C_specific_handler 00000001800120c8     MSVCRT:MSVCR100.dll
 0002:000000d0       __imp__amsg_exit           00000001800120d0     MSVCRT:MSVCR100.dll
 0002:000000d8       __imp__encoded_null        00000001800120d8     MSVCRT:MSVCR100.dll
 0002:000000e0       __imp__initterm_e          00000001800120e0     MSVCRT:MSVCR100.dll
 0002:000000e8       __imp__initterm            00000001800120e8     MSVCRT:MSVCR100.dll
 0002:000000f0       __imp__malloc_crt          00000001800120f0     MSVCRT:MSVCR100.dll
 0002:000000f8       __imp_memcpy               00000001800120f8     MSVCRT:MSVCR100.dll
 0002:00000100       __imp_strcat               0000000180012100     MSVCRT:MSVCR100.dll
 0002:00000108       __imp_strlen               0000000180012108     MSVCRT:MSVCR100.dll
 0002:00000110       __imp_malloc               0000000180012110     MSVCRT:MSVCR100.dll
 0002:00000118       __imp_sprintf              0000000180012118     MSVCRT:MSVCR100.dll
 0002:00000120       __imp_free                 0000000180012120     MSVCRT:MSVCR100.dll
 0002:00000128       __imp_memset               0000000180012128     MSVCRT:MSVCR100.dll
 0002:00000130       __imp_strcmp               0000000180012130     MSVCRT:MSVCR100.dll
 0002:00000138       \177MSVCR100_NULL_THUNK_DATA 0000000180012138     MSVCRT:MSVCR100.dll
 0002:00000140       __imp_mexLock              0000000180012140     libmex:libmex.dll
 0002:00000148       __imp_mexErrMsgTxt         0000000180012148     libmex:libmex.dll
 0002:00000150       __imp_mexCallMATLAB        0000000180012150     libmex:libmex.dll
 0002:00000158       __imp_mexWarnMsgTxt        0000000180012158     libmex:libmex.dll
 0002:00000160       __imp_mexIsLocked          0000000180012160     libmex:libmex.dll
 0002:00000168       __imp_mexUnlock            0000000180012168     libmex:libmex.dll
 0002:00000170       __imp_mexMakeArrayPersistent 0000000180012170     libmex:libmex.dll
 0002:00000178       \177libmex_NULL_THUNK_DATA 0000000180012178     libmex:libmex.dll
 0002:00000180       __imp_mxCalloc             0000000180012180     libmx:libmx.dll
 0002:00000188       __imp_mxGetM               0000000180012188     libmx:libmx.dll
 0002:00000190       __imp_mxGetN               0000000180012190     libmx:libmx.dll
 0002:00000198       __imp_mxIsComplex          0000000180012198     libmx:libmx.dll
 0002:000001a0       __imp_mxIsNumeric          00000001800121a0     libmx:libmx.dll
 0002:000001a8       __imp_mxGetClassID         00000001800121a8     libmx:libmx.dll
 0002:000001b0       __imp_mxCreateCellMatrix_730 00000001800121b0     libmx:libmx.dll
 0002:000001b8       __imp_mxCreateStructMatrix_730 00000001800121b8     libmx:libmx.dll
 0002:000001c0       __imp_mxCreateString       00000001800121c0     libmx:libmx.dll
 0002:000001c8       __imp_mxSetField_730       00000001800121c8     libmx:libmx.dll
 0002:000001d0       __imp_mxGetScalar          00000001800121d0     libmx:libmx.dll
 0002:000001d8       __imp_mxGetPr              00000001800121d8     libmx:libmx.dll
 0002:000001e0       __imp_mxCreateDoubleMatrix_730 00000001800121e0     libmx:libmx.dll
 0002:000001e8       __imp_mxGetString_730      00000001800121e8     libmx:libmx.dll
 0002:000001f0       __imp_mxIsChar             00000001800121f0     libmx:libmx.dll
 0002:000001f8       __imp_mxDestroyArray       00000001800121f8     libmx:libmx.dll
 0002:00000200       __imp_mxDuplicateArray     0000000180012200     libmx:libmx.dll
 0002:00000208       __imp_mxCreateDoubleScalar 0000000180012208     libmx:libmx.dll
 0002:00000210       \177libmx_NULL_THUNK_DATA  0000000180012210     libmx:libmx.dll
 0002:00000218       __imp_utMalloc             0000000180012218     libut:libut.dll
 0002:00000220       __imp_utFree               0000000180012220     libut:libut.dll
 0002:00000228       \177libut_NULL_THUNK_DATA  0000000180012228     libut:libut.dll
 0002:00000230       __imp_call_sf_machine_global_method_dispatcher 0000000180012230     sf_runtime:sf_runtime.dll
 0002:00000238       __imp_callMdlMethodAndReportError 0000000180012238     sf_runtime:sf_runtime.dll
 0002:00000240       __imp_sf_debug_api         0000000180012240     sf_runtime:sf_runtime.dll
 0002:00000248       __imp_sf_debug_create_debug_instance_struct 0000000180012248     sf_runtime:sf_runtime.dll
 0002:00000250       __imp_sf_debug_terminate   0000000180012250     sf_runtime:sf_runtime.dll
 0002:00000258       __imp_cv_eml_init_if       0000000180012258     sf_runtime:sf_runtime.dll
 0002:00000260       __imp_sf_clear_rtw_identifier 0000000180012260     sf_runtime:sf_runtime.dll
 0002:00000268       __imp_sf_clear_error_manager_info 0000000180012268     sf_runtime:sf_runtime.dll
 0002:00000270       __imp_sf_debug_call        0000000180012270     sf_runtime:sf_runtime.dll
 0002:00000278       __imp_sf_debug_data_range_wrapper 0000000180012278     sf_runtime:sf_runtime.dll
 0002:00000280       __imp_sf_debug_symbol_scope_push_eml 0000000180012280     sf_runtime:sf_runtime.dll
 0002:00000288       __imp_sf_debug_symbol_scope_add_eml_importable 0000000180012288     sf_runtime:sf_runtime.dll
 0002:00000290       __imp_sf_debug_symbol_scope_add_eml 0000000180012290     sf_runtime:sf_runtime.dll
 0002:00000298       __imp_cv_eml_eval          0000000180012298     sf_runtime:sf_runtime.dll
 0002:000002a0       __imp_eml_debug_line_call  00000001800122a0     sf_runtime:sf_runtime.dll
 0002:000002a8       __imp_sf_debug_symbol_scope_pop 00000001800122a8     sf_runtime:sf_runtime.dll
 0002:000002b0       __imp_sf_mex_error_direct_call 00000001800122b0     sf_runtime:sf_runtime.dll
 0002:000002b8       __imp_sf_debug_symbol_scope_push 00000001800122b8     sf_runtime:sf_runtime.dll
 0002:000002c0       __imp_sf_debug_check_for_state_inconsistency 00000001800122c0     sf_runtime:sf_runtime.dll
 0002:000002c8       __imp_sf_get_time          00000001800122c8     sf_runtime:sf_runtime.dll
 0002:000002d0       __imp_sf_debug_initialize_chart 00000001800122d0     sf_runtime:sf_runtime.dll
 0002:000002d8       __imp_sf_debug_set_chart_disable_implicit_casting 00000001800122d8     sf_runtime:sf_runtime.dll
 0002:000002e0       __imp_sf_debug_set_chart_event_thresholds 00000001800122e0     sf_runtime:sf_runtime.dll
 0002:000002e8       __imp_sf_debug_set_chart_data_props 00000001800122e8     sf_runtime:sf_runtime.dll
 0002:000002f0       __imp_sf_debug_set_chart_state_info 00000001800122f0     sf_runtime:sf_runtime.dll
 0002:000002f8       __imp_sf_debug_set_chart_substate_count 00000001800122f8     sf_runtime:sf_runtime.dll
 0002:00000300       __imp_sf_debug_set_chart_decomposition 0000000180012300     sf_runtime:sf_runtime.dll
 0002:00000308       __imp_sf_debug_cv_init_chart 0000000180012308     sf_runtime:sf_runtime.dll
 0002:00000310       __imp_sf_debug_cv_init_state 0000000180012310     sf_runtime:sf_runtime.dll
 0002:00000318       __imp_sf_debug_cv_init_trans 0000000180012318     sf_runtime:sf_runtime.dll
 0002:00000320       __imp_cv_eml_init_script   0000000180012320     sf_runtime:sf_runtime.dll
 0002:00000328       __imp_cv_eml_init_fcn      0000000180012328     sf_runtime:sf_runtime.dll
 0002:00000330       __imp_sf_debug_set_chart_data_compiled_props 0000000180012330     sf_runtime:sf_runtime.dll
 0002:00000338       __imp_sf_debug_set_instance_data_value_ptr 0000000180012338     sf_runtime:sf_runtime.dll
 0002:00000340       __imp_sf_debug_reset_current_state_configuration 0000000180012340     sf_runtime:sf_runtime.dll
 0002:00000348       __imp_sim_mode_is_rtw_gen  0000000180012348     sf_runtime:sf_runtime.dll
 0002:00000350       __imp_sim_mode_is_external 0000000180012350     sf_runtime:sf_runtime.dll
 0002:00000358       __imp_sf_is_chart_inlinable 0000000180012358     sf_runtime:sf_runtime.dll
 0002:00000360       __imp_sf_rtw_info_uint_prop 0000000180012360     sf_runtime:sf_runtime.dll
 0002:00000368       __imp_sf_update_buildInfo  0000000180012368     sf_runtime:sf_runtime.dll
 0002:00000370       __imp_sf_mark_chart_expressionable_inputs 0000000180012370     sf_runtime:sf_runtime.dll
 0002:00000378       __imp_sf_mark_chart_reusable_outputs 0000000180012378     sf_runtime:sf_runtime.dll
 0002:00000380       __imp_sf_set_rtw_dwork_info 0000000180012380     sf_runtime:sf_runtime.dll
 0002:00000388       __imp_sf_mex_import        0000000180012388     sf_runtime:sf_runtime.dll
 0002:00000390       __imp_sf_mex_dup           0000000180012390     sf_runtime:sf_runtime.dll
 0002:00000398       __imp_sf_mex_getcell       0000000180012398     sf_runtime:sf_runtime.dll
 0002:000003a0       __imp_sf_mex_destroy       00000001800123a0     sf_runtime:sf_runtime.dll
 0002:000003a8       __imp_sf_mex_decode_encoded_mx_struct_array 00000001800123a8     sf_runtime:sf_runtime.dll
 0002:000003b0       __imp_sf_mex_createcellmatrix 00000001800123b0     sf_runtime:sf_runtime.dll
 0002:000003b8       __imp_sf_mex_setcell       00000001800123b8     sf_runtime:sf_runtime.dll
 0002:000003c0       __imp_sf_mex_call_matlab   00000001800123c0     sf_runtime:sf_runtime.dll
 0002:000003c8       __imp_sf_mex_error_message 00000001800123c8     sf_runtime:sf_runtime.dll
 0002:000003d0       __imp_sf_mex_create        00000001800123d0     sf_runtime:sf_runtime.dll
 0002:000003d8       __imp_sf_mex_assign        00000001800123d8     sf_runtime:sf_runtime.dll
 0002:000003e0       __imp_sf_load_rtw_optimization_info 00000001800123e0     sf_runtime:sf_runtime.dll
 0002:000003e8       __imp_sf_debug_initialize_machine 00000001800123e8     sf_runtime:sf_runtime.dll
 0002:000003f0       __imp_sf_debug_set_machine_event_thresholds 00000001800123f0     sf_runtime:sf_runtime.dll
 0002:000003f8       __imp_sf_debug_set_machine_data_thresholds 00000001800123f8     sf_runtime:sf_runtime.dll
 0002:00000400       \177sf_runtime_NULL_THUNK_DATA 0000000180012400     sf_runtime:sf_runtime.dll
 0002:00000408       __xc_a                     0000000180012408     MSVCRT:cinitexe.obj
 0002:00000410       __xc_z                     0000000180012410     MSVCRT:cinitexe.obj
 0002:00000418       __xi_a                     0000000180012418     MSVCRT:cinitexe.obj
 0002:00000428       __xi_z                     0000000180012428     MSVCRT:cinitexe.obj
 0002:00000430       __real@41baace713000000    0000000180012430     ex002_sfun.obj
 0002:00000438       __real@41ecbe52aee00000    0000000180012438     ex002_sfun.obj
 0002:00000440       __real@41e39ccca3e00000    0000000180012440     ex002_sfun.obj
 0002:00000448       __real@41b8bcf92c000000    0000000180012448     ex002_sfun.obj
 0002:00000450       __real@41c900e78a000000    0000000180012450     ex002_sfun.obj
 0002:00000458       __real@41eda5398c800000    0000000180012458     ex002_sfun.obj
 0002:00000460       __real@41edcf5b43c00000    0000000180012460     ex002_sfun.obj
 0002:00000468       __real@41e695dff8600000    0000000180012468     ex002_sfun.obj
 0002:00000470       __real@41c1fe41a1000000    0000000180012470     ex002_sfun.obj
 0002:00000478       __real@41e2a809ccc00000    0000000180012478     ex002_sfun.obj
 0002:00000480       __real@41e081ef18c00000    0000000180012480     ex002_sfun.obj
 0002:00000488       __real@41d0792297000000    0000000180012488     ex002_sfun.obj
 0002:00000490       __real@41ebeac2c5400000    0000000180012490     ex002_sfun.obj
 0002:00000498       __real@41e8f61fe9a00000    0000000180012498     ex002_sfun.obj
 0002:000004a0       __real@41c679bbb2800000    00000001800124a0     ex002_sfun.obj
 0002:000004a8       __real@41e8cf5d25c00000    00000001800124a8     ex002_sfun.obj
 0002:000004b0       __real@41cd3836ba800000    00000001800124b0     c1_ex002.obj
 0002:000004b8       __real@41d5f1b7c3800000    00000001800124b8     c1_ex002.obj
 0002:000004c0       __real@41efcd0898000000    00000001800124c0     c1_ex002.obj
 0002:000004c8       __real@41e90e7e82a00000    00000001800124c8     c1_ex002.obj
 0002:000004d0       __real@4024000000000000    00000001800124d0     c1_ex002.obj
 0002:000004d8       __real@3ff0000000000000    00000001800124d8     c1_ex002.obj
 0002:000004e0       __real@c034000000000000    00000001800124e0     c1_ex002.obj
 0002:000004e8       __real@41c95eb141000000    00000001800124e8     c2_ex002.obj
 0002:000004f0       __real@41d21ae5f7400000    00000001800124f0     c2_ex002.obj
 0002:000004f8       __real@41e9bea6a5800000    00000001800124f8     c2_ex002.obj
 0002:00000500       __real@41cba2cfcb000000    0000000180012500     c2_ex002.obj
 0002:00000508       __real@3fd20c49ba5e353f    0000000180012508     c2_ex002.obj
 0002:00000510       __real@40d1940000000000    0000000180012510     c2_ex002.obj
 0002:00000518       __real@4000000000000000    0000000180012518     c2_ex002.obj
 0002:00000520       __real@41da9588c0800000    0000000180012520     c3_ex002.obj
 0002:00000528       __real@418a8bb2a8000000    0000000180012528     c3_ex002.obj
 0002:00000530       __real@41e05c7b96a00000    0000000180012530     c3_ex002.obj
 0002:00000538       __real@41b924d24c000000    0000000180012538     c3_ex002.obj
 0002:00000540       __real@3fc999999999999a    0000000180012540     c3_ex002.obj
 0002:00000548       __real@3fb999999999999a    0000000180012548     c3_ex002.obj
 0002:00000550       __real@4008000000000000    0000000180012550     c3_ex002.obj
 0002:00000560       DYNAMIC_DIMENSION_DEF      0000000180012560     ex002_sfun_registry.obj
 0002:00000580       _ssBadLevel2InputAccessMsg 0000000180012580     ex002_sfun_registry.obj
 0002:00000710       _ssBadLevel2DirectFeedMsg  0000000180012710     ex002_sfun_registry.obj
 0002:00000850       _ssBadLevel2DirectFeedSolutionMsg 0000000180012850     ex002_sfun_registry.obj
 0002:000008c0       _ssBadLevel2ZeroDirectFeedMsg 00000001800128c0     ex002_sfun_registry.obj
 0002:00000a00       _ssBadLevel2ZeroDirectFeedMsg2 0000000180012a00     ex002_sfun_registry.obj
 0002:00000ae8       __real@0000000000000000    0000000180012ae8     ex002_sfun_registry.obj
 0002:00000af0       __real@bff0000000000000    0000000180012af0     ex002_sfun_registry.obj
 0002:00000af8       __real@41602cbca0000000    0000000180012af8     ex002_sfun_registry.obj
 0002:00000b00       _pDefaultRawDllMain        0000000180012b00     MSVCRT:crtdll.obj
 0002:00000b00       _pRawDllMain               0000000180012b00     MSVCRT:crtdll.obj
 0002:00000b18       ?ProcessDetach@NativeDll@<CrtImplementationDetails>@@0IB 0000000180012b18     MSVCRT:tncleanup.obj
 0002:00000b1c       ?ProcessAttach@NativeDll@<CrtImplementationDetails>@@0IB 0000000180012b1c     MSVCRT:tncleanup.obj
 0002:00000b20       ?ThreadAttach@NativeDll@<CrtImplementationDetails>@@0IB 0000000180012b20     MSVCRT:tncleanup.obj
 0002:00000b24       ?ThreadDetach@NativeDll@<CrtImplementationDetails>@@0IB 0000000180012b24     MSVCRT:tncleanup.obj
 0002:00000b28       ?ProcessVerifier@NativeDll@<CrtImplementationDetails>@@0IB 0000000180012b28     MSVCRT:tncleanup.obj
 0002:00000b30       __rtc_iaa                  0000000180012b30     MSVCRT:_initsect_.obj
 0002:00000b38       __rtc_izz                  0000000180012b38     MSVCRT:_initsect_.obj
 0002:00000b40       __rtc_taa                  0000000180012b40     MSVCRT:_initsect_.obj
 0002:00000b48       __rtc_tzz                  0000000180012b48     MSVCRT:_initsect_.obj
 0002:00001390       __IMPORT_DESCRIPTOR_sf_runtime 0000000180013390     sf_runtime:sf_runtime.dll
 0002:000013a4       __IMPORT_DESCRIPTOR_libmx  00000001800133a4     libmx:libmx.dll
 0002:000013b8       __IMPORT_DESCRIPTOR_libmex 00000001800133b8     libmex:libmex.dll
 0002:000013cc       __IMPORT_DESCRIPTOR_libut  00000001800133cc     libut:libut.dll
 0002:000013e0       __IMPORT_DESCRIPTOR_MSVCR100 00000001800133e0     MSVCRT:MSVCR100.dll
 0002:000013f4       __IMPORT_DESCRIPTOR_KERNEL32 00000001800133f4     kernel32:KERNEL32.dll
 0002:00001408       __NULL_IMPORT_DESCRIPTOR   0000000180013408     sf_runtime:sf_runtime.dll
 0003:00001410       DYNAMIC_DIMENSION          0000000180016410     ex002_sfun_registry.obj
 0003:00002018       __security_cookie          0000000180017018     MSVCRT:gs_cookie.obj
 0003:00002020       __security_cookie_complement 0000000180017020     MSVCRT:gs_cookie.obj
 0003:00002028       _fltused                   0000000180017028     MSVCRT:dllsupp.obj
 0003:00002030       __native_dllmain_reason    0000000180017030     MSVCRT:natstart.obj
 0003:00002034       __native_vcclrit_reason    0000000180017034     MSVCRT:natstart.obj
 0003:00002128       sfGlobalDebugInstanceStruct 0000000180017128     ex002_sfun_registry.obj
 0003:000026b0       ?__type_info_root_node@@3U__type_info_node@@A 00000001800176b0     MSVCRT:tncleanup.obj
 0003:000026c0       _ex002MachineNumber_       00000001800176c0     <common>
 0003:000026c4       __native_startup_state     00000001800176c4     <common>
 0003:000026c8       __native_startup_lock      00000001800176c8     <common>
 0003:000026d0       __onexitend                00000001800176d0     <common>
 0003:000026d8       __onexitbegin              00000001800176d8     <common>
 0003:000026e0       __dyn_tls_init_callback    00000001800176e0     <common>

 entry point at        0001:0000fca0

 Static symbols

 0001:000013a0       get_sim_state_c1_ex002     00000001800023a0 f   c1_ex002.obj
 0001:00001550       sf_get_sim_state_info_c1_ex002 0000000180002550 f   c1_ex002.obj
 0001:00001720       set_sim_state_c1_ex002     0000000180002720 f   c1_ex002.obj
 0001:00001800       c1_update_debugger_state_c1_ex002 0000000180002800 f   c1_ex002.obj
 0001:00001810       c1_emlrt_marshallIn        0000000180002810 f   c1_ex002.obj
 0001:00001880       c1_b_emlrt_marshallIn      0000000180002880 f   c1_ex002.obj
 0001:00001910       c1_d_emlrt_marshallIn      0000000180002910 f   c1_ex002.obj
 0001:00001970       c1_e_emlrt_marshallIn      0000000180002970 f   c1_ex002.obj
 0001:00001a70       mdlProcessParameters_c1_ex002 0000000180002a70 f   c1_ex002.obj
 0001:00001b50       initialize_params_c1_ex002 0000000180002b50 f   c1_ex002.obj
 0001:00001b60       mdlSetWorkWidths_c1_ex002  0000000180002b60 f   c1_ex002.obj
 0001:00002030       sf_get_instance_specialization 0000000180003030 f   c1_ex002.obj
 0001:00002040       mdlStart_c1_ex002          0000000180003040 f   c1_ex002.obj
 0001:00002270       init_dsm_address_info      0000000180003270 f   c1_ex002.obj
 0001:00002280       chart_debug_initialization 0000000180003280 f   c1_ex002.obj
 0001:000029c0       init_script_number_translation 00000001800039c0 f   c1_ex002.obj
 0001:000029e0       c1_sf_marshallOut          00000001800039e0 f   c1_ex002.obj
 0001:00002a90       c1_sf_marshallIn           0000000180003a90 f   c1_ex002.obj
 0001:00002b30       sf_opaque_initialize_c1_ex002 0000000180003b30 f   c1_ex002.obj
 0001:00002b70       initialize_c1_ex002        0000000180003b70 f   c1_ex002.obj
 0001:00002bc0       sf_opaque_enable_c1_ex002  0000000180003bc0 f   c1_ex002.obj
 0001:00002be0       enable_c1_ex002            0000000180003be0 f   c1_ex002.obj
 0001:00002c10       sf_opaque_disable_c1_ex002 0000000180003c10 f   c1_ex002.obj
 0001:00002c30       disable_c1_ex002           0000000180003c30 f   c1_ex002.obj
 0001:00002c60       sf_opaque_gateway_c1_ex002 0000000180003c60 f   c1_ex002.obj
 0001:00002c80       sf_gateway_c1_ex002        0000000180003c80 f   c1_ex002.obj
 0001:00003210       sf_opaque_get_sim_state_c1_ex002 0000000180004210 f   c1_ex002.obj
 0001:00003230       sf_opaque_set_sim_state_c1_ex002 0000000180004230 f   c1_ex002.obj
 0001:00003260       sf_opaque_terminate_c1_ex002 0000000180004260 f   c1_ex002.obj
 0001:00003300       finalize_c1_ex002          0000000180004300 f   c1_ex002.obj
 0001:00003310       sf_opaque_init_subchart_simstructs 0000000180004310 f   c1_ex002.obj
 0001:00003330       initSimStructsc1_ex002     0000000180004330 f   c1_ex002.obj
 0001:00003340       mdlRTW_c1_ex002            0000000180004340 f   c1_ex002.obj
 0001:00003b50       get_sim_state_c2_ex002     0000000180004b50 f   c2_ex002.obj
 0001:00003cf0       sf_get_sim_state_info_c2_ex002 0000000180004cf0 f   c2_ex002.obj
 0001:00003ec0       set_sim_state_c2_ex002     0000000180004ec0 f   c2_ex002.obj
 0001:00003fa0       c2_update_debugger_state_c2_ex002 0000000180004fa0 f   c2_ex002.obj
 0001:00003fb0       c2_emlrt_marshallIn        0000000180004fb0 f   c2_ex002.obj
 0001:00004020       c2_b_emlrt_marshallIn      0000000180005020 f   c2_ex002.obj
 0001:000040b0       c2_d_emlrt_marshallIn      00000001800050b0 f   c2_ex002.obj
 0001:00004110       c2_e_emlrt_marshallIn      0000000180005110 f   c2_ex002.obj
 0001:00004210       mdlProcessParameters_c2_ex002 0000000180005210 f   c2_ex002.obj
 0001:000042f0       initialize_params_c2_ex002 00000001800052f0 f   c2_ex002.obj
 0001:00004300       mdlSetWorkWidths_c2_ex002  0000000180005300 f   c2_ex002.obj
 0001:00004800       sf_get_instance_specialization 0000000180005800 f   c2_ex002.obj
 0001:00004810       mdlStart_c2_ex002          0000000180005810 f   c2_ex002.obj
 0001:00004a40       init_dsm_address_info      0000000180005a40 f   c2_ex002.obj
 0001:00004a50       chart_debug_initialization 0000000180005a50 f   c2_ex002.obj
 0001:00005360       init_script_number_translation 0000000180006360 f   c2_ex002.obj
 0001:00005380       c2_sf_marshallOut          0000000180006380 f   c2_ex002.obj
 0001:00005430       c2_sf_marshallIn           0000000180006430 f   c2_ex002.obj
 0001:000054d0       sf_opaque_initialize_c2_ex002 00000001800064d0 f   c2_ex002.obj
 0001:00005510       initialize_c2_ex002        0000000180006510 f   c2_ex002.obj
 0001:00005560       sf_opaque_enable_c2_ex002  0000000180006560 f   c2_ex002.obj
 0001:00005580       enable_c2_ex002            0000000180006580 f   c2_ex002.obj
 0001:000055b0       sf_opaque_disable_c2_ex002 00000001800065b0 f   c2_ex002.obj
 0001:000055d0       disable_c2_ex002           00000001800065d0 f   c2_ex002.obj
 0001:00005600       sf_opaque_gateway_c2_ex002 0000000180006600 f   c2_ex002.obj
 0001:00005620       sf_gateway_c2_ex002        0000000180006620 f   c2_ex002.obj
 0001:00005f40       sf_opaque_get_sim_state_c2_ex002 0000000180006f40 f   c2_ex002.obj
 0001:00005f60       sf_opaque_set_sim_state_c2_ex002 0000000180006f60 f   c2_ex002.obj
 0001:00005f90       sf_opaque_terminate_c2_ex002 0000000180006f90 f   c2_ex002.obj
 0001:00006030       finalize_c2_ex002          0000000180007030 f   c2_ex002.obj
 0001:00006040       sf_opaque_init_subchart_simstructs 0000000180007040 f   c2_ex002.obj
 0001:00006060       initSimStructsc2_ex002     0000000180007060 f   c2_ex002.obj
 0001:00006070       mdlRTW_c2_ex002            0000000180007070 f   c2_ex002.obj
 0001:000069c0       get_sim_state_c3_ex002     00000001800079c0 f   c3_ex002.obj
 0001:00006b70       sf_get_sim_state_info_c3_ex002 0000000180007b70 f   c3_ex002.obj
 0001:00006d40       set_sim_state_c3_ex002     0000000180007d40 f   c3_ex002.obj
 0001:00006e20       c3_update_debugger_state_c3_ex002 0000000180007e20 f   c3_ex002.obj
 0001:00006e30       c3_emlrt_marshallIn        0000000180007e30 f   c3_ex002.obj
 0001:00006ea0       c3_b_emlrt_marshallIn      0000000180007ea0 f   c3_ex002.obj
 0001:00006f30       c3_d_emlrt_marshallIn      0000000180007f30 f   c3_ex002.obj
 0001:00006f90       c3_e_emlrt_marshallIn      0000000180007f90 f   c3_ex002.obj
 0001:00007090       mdlProcessParameters_c3_ex002 0000000180008090 f   c3_ex002.obj
 0001:00007170       initialize_params_c3_ex002 0000000180008170 f   c3_ex002.obj
 0001:00007180       mdlSetWorkWidths_c3_ex002  0000000180008180 f   c3_ex002.obj
 0001:000076b0       sf_get_instance_specialization 00000001800086b0 f   c3_ex002.obj
 0001:000076c0       mdlStart_c3_ex002          00000001800086c0 f   c3_ex002.obj
 0001:000078f0       init_dsm_address_info      00000001800088f0 f   c3_ex002.obj
 0001:00007900       chart_debug_initialization 0000000180008900 f   c3_ex002.obj
 0001:00008360       init_script_number_translation 0000000180009360 f   c3_ex002.obj
 0001:00008380       c3_sf_marshallOut          0000000180009380 f   c3_ex002.obj
 0001:00008430       c3_sf_marshallIn           0000000180009430 f   c3_ex002.obj
 0001:000084d0       sf_opaque_initialize_c3_ex002 00000001800094d0 f   c3_ex002.obj
 0001:00008510       initialize_c3_ex002        0000000180009510 f   c3_ex002.obj
 0001:00008560       sf_opaque_enable_c3_ex002  0000000180009560 f   c3_ex002.obj
 0001:00008580       enable_c3_ex002            0000000180009580 f   c3_ex002.obj
 0001:000085b0       sf_opaque_disable_c3_ex002 00000001800095b0 f   c3_ex002.obj
 0001:000085d0       disable_c3_ex002           00000001800095d0 f   c3_ex002.obj
 0001:00008600       sf_opaque_gateway_c3_ex002 0000000180009600 f   c3_ex002.obj
 0001:00008620       sf_gateway_c3_ex002        0000000180009620 f   c3_ex002.obj
 0001:00008f60       sf_opaque_get_sim_state_c3_ex002 0000000180009f60 f   c3_ex002.obj
 0001:00008f80       sf_opaque_set_sim_state_c3_ex002 0000000180009f80 f   c3_ex002.obj
 0001:00008fb0       sf_opaque_terminate_c3_ex002 0000000180009fb0 f   c3_ex002.obj
 0001:00009050       finalize_c3_ex002          000000018000a050 f   c3_ex002.obj
 0001:00009060       sf_opaque_init_subchart_simstructs 000000018000a060 f   c3_ex002.obj
 0001:00009080       initSimStructsc3_ex002     000000018000a080 f   c3_ex002.obj
 0001:00009090       mdlRTW_c3_ex002            000000018000a090 f   c3_ex002.obj
 0001:00009a00       getChartInfoFromSimStruct  000000018000aa00 f   ex002_sfun_registry.obj
 0001:0000b0a0       _ssFatalError              000000018000c0a0 f   ex002_sfun_registry.obj
 0001:0000e150       ProcessMexSfunctionCmdLineCall 000000018000f150 f   ex002_sfun_registry.obj
 0001:0000e280       sf_debug_api_wrapper       000000018000f280 f   ex002_sfun_registry.obj
 0001:0000e2d0       mdlStart                   000000018000f2d0 f   ex002_sfun_registry.obj
 0001:0000e300       mdl_start_processing       000000018000f300 f   ex002_sfun_registry.obj
 0001:0000e390       mdlTerminate               000000018000f390 f   ex002_sfun_registry.obj
 0001:0000e3c0       mdl_terminate_processing   000000018000f3c0 f   ex002_sfun_registry.obj
 0001:0000e440       mdlInitializeSampleTimes   000000018000f440 f   ex002_sfun_registry.obj
 0001:0000e470       mdlZeroCrossings           000000018000f470 f   ex002_sfun_registry.obj
 0001:0000e4a0       mdl_zeroCrossings_processing 000000018000f4a0 f   ex002_sfun_registry.obj
 0001:0000e4e0       mdlDerivatives             000000018000f4e0 f   ex002_sfun_registry.obj
 0001:0000e510       mdl_derivatives_processing 000000018000f510 f   ex002_sfun_registry.obj
 0001:0000e560       mdlInitializeConditions    000000018000f560 f   ex002_sfun_registry.obj
 0001:0000e590       mdl_initialize_conditions_processing 000000018000f590 f   ex002_sfun_registry.obj
 0001:0000e5e0       mdlEnable                  000000018000f5e0 f   ex002_sfun_registry.obj
 0001:0000e610       mdl_enable_processing      000000018000f610 f   ex002_sfun_registry.obj
 0001:0000e650       mdlDisable                 000000018000f650 f   ex002_sfun_registry.obj
 0001:0000e680       mdl_disable_processing     000000018000f680 f   ex002_sfun_registry.obj
 0001:0000e6c0       mdlOutputs                 000000018000f6c0 f   ex002_sfun_registry.obj
 0001:0000e6f0       mdl_outputs_processing     000000018000f6f0 f   ex002_sfun_registry.obj
 0001:0000e7d0       mdl_outputs_continuous_legacy 000000018000f7d0 f   ex002_sfun_registry.obj
 0001:0000e8c0       mdlGetTimeOfNextVarHit     000000018000f8c0 f   ex002_sfun_registry.obj
 0001:0000e910       _ProcessMexSfunctionCmdLineCall 000000018000f910 f   ex002_sfun_registry.obj
 0001:0000f060       mdlSetWorkWidths           0000000180010060 f   ex002_sfun_registry.obj
 0001:0000f090       mdlProcessParameters       0000000180010090 f   ex002_sfun_registry.obj
 0001:0000f0c0       mdlInitializeSizes         00000001800100c0 f   ex002_sfun_registry.obj
 0001:0000f0f0       mdlExtModeExec             00000001800100f0 f   ex002_sfun_registry.obj
 0001:0000f120       mdl_ext_mode_exec_processing 0000000180010120 f   ex002_sfun_registry.obj
 0001:0000f160       mdlRTW                     0000000180010160 f   ex002_sfun_registry.obj
 0001:0000f1a0       _CreateSimStruct           00000001800101a0 f   ex002_sfun_registry.obj
 0001:0000f330       _RegNumInputPortsCB        0000000180010330 f   ex002_sfun_registry.obj
 0001:0000f3b0       _RegNumOutputPortsCB       00000001800103b0 f   ex002_sfun_registry.obj
 0001:0000f8a8       pre_c_init                 00000001800108a8 f   MSVCRT:crtdll.obj
 0001:0000fb64       __DllMainCRTStartup        0000000180010b64 f   MSVCRT:crtdll.obj
 0001:000101d0       __DllMainCRTStartup$filt$0 00000001800111d0 f   MSVCRT:crtdll.obj
 0001:00010200       __DllMainCRTStartup$fin$1  0000000180011200 f   MSVCRT:crtdll.obj
 0001:0001021a       _onexit$fin$0              000000018001121a f   MSVCRT:atonexit.obj
 0001:00010240       _IsNonwritableInCurrentImage$filt$0 0000000180011240 f   MSVCRT:pesect.obj
